// Jest Snapshot v1, https://goo.gl/fbAQLP

exports[`Pruebas del componente MultiplesCustomHooks Debe hacer un snapshot 1`] = `
<DocumentFragment>
  <h1
    class="text-center"
  >
    Información Pokémon:
  </h1>
  <hr />
  <div
    class="d-flex justify-content-center"
  >
    <div
      class=" text-center mt-5 mb-5"
    >
      <div
        class="spinner-border"
        role="status"
      />
    </div>
  </div>
  <div
    class="d-flex justify-content-center"
  >
    <button
      class="btn btn-primary mt-2"
    >
      Anterior
    </button>
    <button
      class="btn btn-primary mt-2"
    >
      Siguiente
    </button>
  </div>
</DocumentFragment>
`;
